bool<0>
bool<0>
bool<1>
bool<0>
bool<1>
--------------
1
3
7
9
12
--------------
1
2
3
4
5
6
7
8
9
10
--------------
1
3
--------------
0
30
60
90
--------------
Foo
Foo
